root@studentkiheon-virtual-machine:~/바탕화면# nano /etc/shadow
root@studentkiheon-virtual-machine:~/바탕화면# nano /etc/passwd
root@studentkiheon-virtual-machine:~/바탕화면# nano /etc/group
root@studentkiheon-virtual-machine:~/바탕화면# nano /etc/group
root@studentkiheon-virtual-machine:~/바탕화면# adduser poly1
'poly1' 사용자를 추가 중...
새 그룹 'poly1' (1001) 추가 ...
새 사용자 'poly1' (1001) 을(를) 그룹 'poly1' (으)로 추가 ...
'/home/poly1' 홈 디렉터리를 생성하는 중...
'/etc/skel'에서 파일들을 복사하는 중...
새 암호: 
새 암호 재입력: 
passwd: 암호를 성공적으로 업데이트했습니다
poly1의 사용자의 정보를 바꿉니다
새로운 값을 넣거나, 기본값을 원하시면 엔터를 치세요
	이름 []: polystu1
	방 번호 []: 509           
	직장 전화번호 []: 02-333-5555
	집 전화번호 []: 02-777-7777
	기타 []: Student
정보가 올바릅니까? [Y/n] y
root@studentkiheon-virtual-machine:~/바탕화면# nano /etc/passwd
root@studentkiheon-virtual-machine:~/바탕화면# adduser --uid 1111 poly2
'poly2' 사용자를 추가 중...
새 그룹 'poly2' (1111) 추가 ...
새 사용자 'poly2' (1111) 을(를) 그룹 'poly2' (으)로 추가 ...
'/home/poly2' 홈 디렉터리를 생성하는 중...
'/etc/skel'에서 파일들을 복사하는 중...
새 암호: 
잘못된 비밀번호: 암호는 8 개의 문자 보다 짧습니다
새 암호 재입력: 
죄송합니다. 암호가 일치하지 않습니다.
새 암호: 
새 암호 재입력: 
passwd: 암호를 성공적으로 업데이트했습니다
poly2의 사용자의 정보를 바꿉니다
새로운 값을 넣거나, 기본값을 원하시면 엔터를 치세요
	이름 []: 
	방 번호 []: 
	직장 전화번호 []: 
	집 전화번호 []: 
	기타 []: 
정보가 올바릅니까? [Y/n] 
root@studentkiheon-virtual-machine:~/바탕화면# /etc/passwd
bash: /etc/passwd: 허가 거부
root@studentkiheon-virtual-machine:~/바탕화면# nano /etc/passwd
root@studentkiheon-virtual-machine:~/바탕화면# adduser --gid 1000 poly3
'poly3' 사용자를 추가 중...
새 사용자 'poly3' (1002) 을(를) 그룹 'student-kiheon' (으)로 추가 ...
'/home/poly3' 홈 디렉터리를 생성하는 중...
'/etc/skel'에서 파일들을 복사하는 중...
새 암호: 
새 암호 재입력: 
passwd: 암호를 성공적으로 업데이트했습니다
poly3의 사용자의 정보를 바꿉니다
새로운 값을 넣거나, 기본값을 원하시면 엔터를 치세요
	이름 []: 
	방 번호 []: 
	직장 전화번호 []: 
	집 전화번호 []: 
	기타 []: 
정보가 올바릅니까? [Y/n] 
root@studentkiheon-virtual-machine:~/바탕화면# tail /etc/passwd
colord:x:123:130:colord colour management daemon,,,:/var/lib/colord:/usr/sbin/nologin
geoclue:x:124:131::/var/lib/geoclue:/usr/sbin/nologin
pulse:x:125:132:PulseAudio daemon,,,:/run/pulse:/usr/sbin/nologin
gnome-initial-setup:x:126:65534::/run/gnome-initial-setup/:/bin/false
hplip:x:127:7:HPLIP system user,,,:/run/hplip:/bin/false
gdm:x:128:134:Gnome Display Manager:/var/lib/gdm3:/bin/false
student-kiheon:x:1000:1000:Student-kiheon,,,:/home/student-kiheon:/bin/bash
poly1:x:1001:1001:polystu1,509,02-333-5555,02-777-7777,Student:/home/poly1:/bin/bash
poly2:x:1111:1111:,,,:/home/poly2:/bin/bash
poly3:x:1002:1000:,,,:/home/poly3:/bin/bash
root@studentkiheon-virtual-machine:~/바탕화면# adduser --home /newhome poly4
'poly4' 사용자를 추가 중...
새 그룹 'poly4' (1002) 추가 ...
새 사용자 'poly4' (1003) 을(를) 그룹 'poly4' (으)로 추가 ...
'/newhome' 홈 디렉터리를 생성하는 중...
'/etc/skel'에서 파일들을 복사하는 중...
새 암호: 
새 암호 재입력: 
passwd: 암호를 성공적으로 업데이트했습니다
poly4의 사용자의 정보를 바꿉니다
새로운 값을 넣거나, 기본값을 원하시면 엔터를 치세요
	이름 []:      
	방 번호 []:                  
	직장 전화번호 []: 
	집 전화번호 []: 
	기타 []: 
정보가 올바릅니까? [Y/n] 
root@studentkiheon-virtual-machine:~/바탕화면# tail /etc/passwd
geoclue:x:124:131::/var/lib/geoclue:/usr/sbin/nologin
pulse:x:125:132:PulseAudio daemon,,,:/run/pulse:/usr/sbin/nologin
gnome-initial-setup:x:126:65534::/run/gnome-initial-setup/:/bin/false
hplip:x:127:7:HPLIP system user,,,:/run/hplip:/bin/false
gdm:x:128:134:Gnome Display Manager:/var/lib/gdm3:/bin/false
student-kiheon:x:1000:1000:Student-kiheon,,,:/home/student-kiheon:/bin/bash
poly1:x:1001:1001:polystu1,509,02-333-5555,02-777-7777,Student:/home/poly1:/bin/bash
poly2:x:1111:1111:,,,:/home/poly2:/bin/bash
poly3:x:1002:1000:,,,:/home/poly3:/bin/bash
poly4:x:1003:1002:,,,:/newhome:/bin/bash
root@studentkiheon-virtual-machine:~/바탕화면# login
studentkiheon-virtual-machine 로그인: poly4
암호: 
Welcome to Ubuntu 22.04.2 LTS (GNU/Linux 5.19.0-35-generic x86_64)

 * Documentation:  https://help.ubuntu.com
 * Management:     https://landscape.canonical.com
 * Support:        https://ubuntu.com/advantage

 * Introducing Expanded Security Maintenance for Applications.
   Receive updates to over 25,000 software packages with your
   Ubuntu Pro subscription. Free for personal use.

     https://ubuntu.com/pro

Expanded Security Maintenance for Applications is not enabled.

0 updates can be applied immediately.

Enable ESM Apps to receive additional future security updates.
See https://ubuntu.com/esm or run: sudo pro status


The list of available updates is more than a week old.
To check for new updates run: sudo apt update

The programs included with the Ubuntu system are free software;
the exact distribution terms for each program are described in the
individual files in /usr/share/doc/*/copyright.

Ubuntu comes with ABSOLUTELY NO WARRANTY, to the extent permitted by
applicable law.

poly4@studentkiheon-virtual-machine:~$ logout
root@studentkiheon-virtual-machine:~/바탕화면# adduser --shell /bin/csh poly5
'poly5' 사용자를 추가 중...
새 그룹 'poly5' (1003) 추가 ...
새 사용자 'poly5' (1004) 을(를) 그룹 'poly5' (으)로 추가 ...
useradd: Warning: missing or non-executable shell '/bin/csh'
'/home/poly5' 홈 디렉터리를 생성하는 중...
'/etc/skel'에서 파일들을 복사하는 중...
새 암호: 
새 암호 재입력: 
passwd: 암호를 성공적으로 업데이트했습니다
poly5의 사용자의 정보를 바꿉니다
새로운 값을 넣거나, 기본값을 원하시면 엔터를 치세요
	이름 []: 
	방 번호 []: 
	직장 전화번호 []: 
	집 전화번호 []: 
	기타 []: 
정보가 올바릅니까? [Y/n] 
root@studentkiheon-virtual-machine:~/바탕화면# login
studentkiheon-virtual-machine 로그인: poly5
암호: 
Welcome to Ubuntu 22.04.2 LTS (GNU/Linux 5.19.0-35-generic x86_64)

 * Documentation:  https://help.ubuntu.com
 * Management:     https://landscape.canonical.com
 * Support:        https://ubuntu.com/advantage

 * Introducing Expanded Security Maintenance for Applications.
   Receive updates to over 25,000 software packages with your
   Ubuntu Pro subscription. Free for personal use.

     https://ubuntu.com/pro

Expanded Security Maintenance for Applications is not enabled.

0 updates can be applied immediately.

Enable ESM Apps to receive additional future security updates.
See https://ubuntu.com/esm or run: sudo pro status


The list of available updates is more than a week old.
To check for new updates run: sudo apt update

The programs included with the Ubuntu system are free software;
the exact distribution terms for each program are described in the
individual files in /usr/share/doc/*/copyright.

Ubuntu comes with ABSOLUTELY NO WARRANTY, to the extent permitted by
applicable law.

/bin/csh을(를) 실행할 수 없습니다: 그런 파일이나 디렉터리가 없습니다
root@studentkiheon-virtual-machine:~/바탕화면# tail /etc/passwd
pulse:x:125:132:PulseAudio daemon,,,:/run/pulse:/usr/sbin/nologin
gnome-initial-setup:x:126:65534::/run/gnome-initial-setup/:/bin/false
hplip:x:127:7:HPLIP system user,,,:/run/hplip:/bin/false
gdm:x:128:134:Gnome Display Manager:/var/lib/gdm3:/bin/false
student-kiheon:x:1000:1000:Student-kiheon,,,:/home/student-kiheon:/bin/bash
poly1:x:1001:1001:polystu1,509,02-333-5555,02-777-7777,Student:/home/poly1:/bin/bash
poly2:x:1111:1111:,,,:/home/poly2:/bin/bash
poly3:x:1002:1000:,,,:/home/poly3:/bin/bash
poly4:x:1003:1002:,,,:/newhome:/bin/bash
poly5:x:1004:1003:,,,:/home/poly5:/bin/csh
root@studentkiheon-virtual-machine:~/바탕화면# tail /etc/group
pulse:x:132:
pulse-access:x:133:
gdm:x:134:
lxd:x:135:student-kiheon
student-kiheon:x:1000:
sambashare:x:136:student-kiheon
poly1:x:1001:
poly2:x:1111:
poly4:x:1002:
poly5:x:1003:
root@studentkiheon-virtual-machine:~/바탕화면# passwd poly1
새 암호: 
새 암호 재입력: 
passwd: 암호를 성공적으로 업데이트했습니다
root@studentkiheon-virtual-machine:~/바탕화면# passwd poly1
새 암호: 
잘못된 비밀번호: 암호 사전 검사에 실패했습니다 - 다른 문자가 충분히 포함되어 있지 않습니다
새 암호 재입력: 
passwd: 암호를 성공적으로 업데이트했습니다
root@studentkiheon-virtual-machine:~/바탕화면# login
studentkiheon-virtual-machine 로그인: poly1
암호: 
Welcome to Ubuntu 22.04.2 LTS (GNU/Linux 5.19.0-35-generic x86_64)

 * Documentation:  https://help.ubuntu.com
 * Management:     https://landscape.canonical.com
 * Support:        https://ubuntu.com/advantage

 * Introducing Expanded Security Maintenance for Applications.
   Receive updates to over 25,000 software packages with your
   Ubuntu Pro subscription. Free for personal use.

     https://ubuntu.com/pro

Expanded Security Maintenance for Applications is not enabled.

0 updates can be applied immediately.

Enable ESM Apps to receive additional future security updates.
See https://ubuntu.com/esm or run: sudo pro status


The list of available updates is more than a week old.
To check for new updates run: sudo apt update

The programs included with the Ubuntu system are free software;
the exact distribution terms for each program are described in the
individual files in /usr/share/doc/*/copyright.

Ubuntu comes with ABSOLUTELY NO WARRANTY, to the extent permitted by
applicable law.

poly1@studentkiheon-virtual-machine:~$ logout
root@studentkiheon-virtual-machine:~/바탕화면# usermod --shell /bin/csh poly1
root@studentkiheon-virtual-machine:~/바탕화면# tail /etc/group
pulse:x:132:
pulse-access:x:133:
gdm:x:134:
lxd:x:135:student-kiheon
student-kiheon:x:1000:
sambashare:x:136:student-kiheon
poly1:x:1001:
poly2:x:1111:
poly4:x:1002:
poly5:x:1003:
root@studentkiheon-virtual-machine:~/바탕화면# usermod --groups /student-kiheon poly1
usermod: '/student-kiheon' 그룹이 없습니다
root@studentkiheon-virtual-machine:~/바탕화면# usermod --groups /poly_prof  poly1
usermod: '/poly_prof' 그룹이 없습니다
root@studentkiheon-virtual-machine:~/바탕화면# usermod --groups /sambashare  poly1
usermod: '/sambashare' 그룹이 없습니다
root@studentkiheon-virtual-machine:~/바탕화면# tail /etc/passwd
pulse:x:125:132:PulseAudio daemon,,,:/run/pulse:/usr/sbin/nologin
gnome-initial-setup:x:126:65534::/run/gnome-initial-setup/:/bin/false
hplip:x:127:7:HPLIP system user,,,:/run/hplip:/bin/false
gdm:x:128:134:Gnome Display Manager:/var/lib/gdm3:/bin/false
student-kiheon:x:1000:1000:Student-kiheon,,,:/home/student-kiheon:/bin/bash
poly1:x:1001:1001:polystu1,509,02-333-5555,02-777-7777,Student:/home/poly1:/bin/csh
poly2:x:1111:1111:,,,:/home/poly2:/bin/bash
poly3:x:1002:1000:,,,:/home/poly3:/bin/bash
poly4:x:1003:1002:,,,:/newhome:/bin/bash
poly5:x:1004:1003:,,,:/home/poly5:/bin/csh
root@studentkiheon-virtual-machine:~/바탕화면# tail /etc/group
pulse:x:132:
pulse-access:x:133:
gdm:x:134:
lxd:x:135:student-kiheon
student-kiheon:x:1000:
sambashare:x:136:student-kiheon
poly1:x:1001:
poly2:x:1111:
poly4:x:1002:
poly5:x:1003:
root@studentkiheon-virtual-machine:~/바탕화면# ls /home
poly1  poly2  poly3  poly5  student-kiheon
root@studentkiheon-virtual-machine:~/바탕화면# userdel -r poly5
userdel: poly5 mail spool (/var/mail/poly5) not found
root@studentkiheon-virtual-machine:~/바탕화면# ls /home
poly1  poly2  poly3  student-kiheon
root@studentkiheon-virtual-machine:~/바탕화면# nano /etc/passwd
root@studentkiheon-virtual-machine:~/바탕화면# tail /etc/group
geoclue:x:131:
pulse:x:132:
pulse-access:x:133:
gdm:x:134:
lxd:x:135:student-kiheon
student-kiheon:x:1000:
sambashare:x:136:student-kiheon
poly1:x:1001:
poly2:x:1111:
poly4:x:1002:
root@studentkiheon-virtual-machine:~/바탕화면# usermod --groups /sambashare poly1
usermod: '/sambashare' 그룹이 없습니다
root@studentkiheon-virtual-machine:~/바탕화면# usermod --groups /student-kiheon poly1
usermod: '/student-kiheon' 그룹이 없습니다
root@studentkiheon-virtual-machine:~/바탕화면# usermod --groups student-kiheon poly1
root@studentkiheon-virtual-machine:~/바탕화면# 
